// Jest Snapshot v1, https://goo.gl/fbAQLP

exports[`SearchForm renders correctly 1`] = `
<section
  className="search-form"
>
  <ul
    className="search-form_input-list"
  >
    <li
      className="search-form_input-item search-form_input-item--origin"
    >
      <label
        className="bpk-label"
        htmlFor="originPlace"
      >
        Origin
      </label>
      <input
        className="bpk-input"
        id="originPlace"
        maxLength="4"
        name="originPlace"
        onChange={[Function]}
        placeholder="Airport Code (ex: LHR)"
        type="text"
        value="MLA"
      />
    </li>
    <li
      className="search-form_input-item search-form_input-item--destination"
    >
      <label
        className="bpk-label"
        htmlFor="destinationPlace"
      >
        Destination
      </label>
      <input
        className="bpk-input"
        id="destinationPlace"
        maxLength="4"
        name="destinationPlace"
        onChange={[Function]}
        placeholder="Airport Code (ex: MLA)"
        type="text"
        value="LGW"
      />
    </li>
    <li
      className="search-form_input-item search-form_input-item--depart"
    >
      <label
        className="bpk-label"
        htmlFor="outboundDate"
      >
        Departure Date
      </label>
      <input
        aria-atomic="true"
        aria-label="Sunday, 1st January 2017"
        aria-live="assertive"
        className="bpk-input bpk-datepicker__input"
        id="outboundDate"
        name="outboundDate_input"
        onChange={[Function]}
        onClick={[Function]}
        onFocus={[Function]}
        onKeyDown={[Function]}
        onKeyUp={[Function]}
        onTouchEnd={[Function]}
        type="text"
        value="Sun 1st Jan 2017"
      />
    </li>
    <li
      className="search-form_input-item search-form_input-item--return"
    >
      <label
        className="bpk-label"
        htmlFor="inboundDate"
      >
        Return Date
      </label>
      <input
        aria-atomic="true"
        aria-label="Monday, 2nd January 2017"
        aria-live="assertive"
        className="bpk-input bpk-datepicker__input"
        id="inboundDate"
        name="inboundDate_input"
        onChange={[Function]}
        onClick={[Function]}
        onFocus={[Function]}
        onKeyDown={[Function]}
        onKeyUp={[Function]}
        onTouchEnd={[Function]}
        type="text"
        value="Mon 2nd Jan 2017"
      />
    </li>
  </ul>
  <ul
    className="search-form_input-list"
  >
    <li
      className="search-form_input-item search-form_input-item--class"
    >
      <label
        className="bpk-label"
        htmlFor="cabinClass"
      >
        Class
      </label>
      <select
        className="bpk-select"
        id="cabinClass"
        name="cabinClass"
        onChange={[Function]}
        value="Economy"
      >
        <option
          value="economy"
        >
          Economy
        </option>
        <option
          value="premiumeconomy"
        >
          Premium Economy
        </option>
        <option
          value="business"
        >
          Business Class
        </option>
        <option
          value="first"
        >
          First Class
        </option>
      </select>
    </li>
    <li
      className="search-form_input-item search-form_input-item--type"
    >
      <label
        className="bpk-label"
        htmlFor="tripType"
      >
        Trip Type
      </label>
      <label
        className="bpk-radio"
      >
        <input
          checked={true}
          className="bpk-radio__input"
          disabled={false}
          id="tripType-return"
          name="tripType"
          onChange={[Function]}
          type="radio"
          value="return"
        />
         Return
      </label>
      <label
        className="bpk-radio"
      >
        <input
          checked={false}
          className="bpk-radio__input"
          disabled={false}
          id="tripType-oneway"
          name="tripType"
          onChange={[Function]}
          type="radio"
          value="oneway"
        />
         One Way
      </label>
      <label
        className="bpk-radio bpk-radio--disabled"
      >
        <input
          checked={false}
          className="bpk-radio__input"
          disabled={true}
          id="tripType-multi"
          name="tripType"
          onChange={[Function]}
          type="radio"
          value="tripType"
        />
         Multi-city
      </label>
    </li>
  </ul>
  <ul
    className="search-form_input-list"
  >
    <li
      className="search-form_input-item search-form_input-item--adults"
    >
      <label
        className="bpk-label"
        htmlFor="adults"
      >
        Adults
      </label>
      <select
        className="bpk-select"
        id="adults"
        name="adults"
        onChange={[Function]}
        value="1"
      >
        <option
          value={0}
        >
          0
        </option>
        <option
          value={1}
        >
          1
        </option>
        <option
          value={2}
        >
          2
        </option>
        <option
          value={3}
        >
          3
        </option>
        <option
          value={4}
        >
          4
        </option>
        <option
          value={5}
        >
          5
        </option>
        <option
          value={6}
        >
          6
        </option>
        <option
          value={7}
        >
          7
        </option>
        <option
          value={8}
        >
          8
        </option>
        <option
          value={9}
        >
          9
        </option>
      </select>
    </li>
    <li
      className="search-form_input-item search-form_input-item--children"
    >
      <label
        className="bpk-label"
        htmlFor="children"
      >
        Children
      </label>
      <select
        className="bpk-select"
        id="children"
        name="children"
        onChange={[Function]}
        value="0"
      >
        <option
          value={0}
        >
          0
        </option>
        <option
          value={1}
        >
          1
        </option>
        <option
          value={2}
        >
          2
        </option>
        <option
          value={3}
        >
          3
        </option>
        <option
          value={4}
        >
          4
        </option>
        <option
          value={5}
        >
          5
        </option>
        <option
          value={6}
        >
          6
        </option>
        <option
          value={7}
        >
          7
        </option>
        <option
          value={8}
        >
          8
        </option>
        <option
          value={9}
        >
          9
        </option>
      </select>
    </li>
    <li
      className="search-form_input-item search-form_input-item--infants"
    >
      <label
        className="bpk-label"
        htmlFor="infants"
      >
        Infants
      </label>
      <select
        className="bpk-select"
        id="infants"
        name="infants"
        onChange={[Function]}
        value="0"
      >
        <option
          value={0}
        >
          0
        </option>
        <option
          value={1}
        >
          1
        </option>
        <option
          value={2}
        >
          2
        </option>
        <option
          value={3}
        >
          3
        </option>
        <option
          value={4}
        >
          4
        </option>
        <option
          value={5}
        >
          5
        </option>
        <option
          value={6}
        >
          6
        </option>
        <option
          value={7}
        >
          7
        </option>
        <option
          value={8}
        >
          8
        </option>
        <option
          value={9}
        >
          9
        </option>
      </select>
    </li>
    <li
      className="search-form_input-item search-form_input-item--search"
    >
      <button
        className="bpk-button bpk-button--large"
        disabled={false}
        onClick={[Function]}
        type="button"
      >
        Search!
      </button>
    </li>
  </ul>
</section>
`;
